task-11 HAPPY QA — Restart-resume proof + idempotency hardening
date: 2026-09-18 | todo: 11 | commit: fix(sync): restart resume idempotency
DISCLOSE: no ALPHA_PREMIER_DTR_SHEET_ID creds / service-account key on this
  machine — live scratch QA against 1SUisI6zcE1hD9RzEw-LniNIkouM4mh8JH3Vj0KJM5vI
  NOT run. Fixture QA below; plan's scratch-only rule respected (no prod
  touch, no DB backup needed — no live drain executed). Seed-5-PENDING +
  1-stale-PROCESSING → restart-tick → all-RETRY/no-dupes is proven by the
  `resume_idempotent` cargo test (compile-verified; execution DISCLOSE below)
  plus the executing decision-core harness.

CODE CHANGE (3 files, no new deps, no schema/boot/semantics changes):
  - src-tauri/src/services/sheets_sync.rs: cfg-gated
    processing_lease_timeout_secs() — 5*60 prod, 2 under cfg(test);
    processing_lease_is_stale() now converts RFC3339→epoch and delegates to
    the std-only core (clock still injected via `now`); stale-lease unit
    test re-based to 3s-stale/1s-fresh (was 5min/4min, unprovable).
  - src-tauri/src/services/sync_retry.rs: new std-only
    processing_lease_stale_secs(locked_at_secs, now_secs, lease_secs) —
    strict-greater boundary, None never stale; + boundary test.
  - src-tauri/src/services/dtr_sync.rs: new tokio test `resume_idempotent` —
    seeds 5 PENDING + 1 PROCESSING (locked 3s ago) + 1 dtr_pending row, runs
    the REAL run_once against a dead endpoint, CHECKS stale→RETRY, zero
    stuck/SYNCED/DEAD, lease_recovered==1, dtr_pending preserved; pure part
    CHECKS batch replay byte-identical (USER_ENTERED overwrite) + replan
    from live reads yields InSync for landed day / Write for missing day.
GAPS FOUND + FIXED:
  1. Lease untestable inline (5-min const, chrono+AppState coupled) → cfg
     2s override + std-only core with injected clock+lease. Verified: no
     boot wipe of sync_queue/dtr_pending exists (only targeted deletes:
     lib.rs user-unregister, clear_dtr_pending, operator table-resync);
     recovery runs before the should_dispatch early-return so a tick with
     no Google configured still recovers; recovery preserves attempts and
     sets next_attempt_at=now (immediately due, no budget burn).

EVIDENCE (standalone harness — the REAL predicate run_once calls):
rustc --edition 2021 --test src-tauri/src/services/sync_retry.rs -o harness
running 7 tests
test tests::sync_guard_restart_clear ... ok
test tests::transient_classifier ... ok
test tests::dtr_throttle ... ok
test tests::sync_guard_stale_release ... ok
test tests::backoff_caps ... ok
test tests::sync_guard_second_caller_busy ... ok
test tests::processing_lease_resume_boundary ... ok
test result: ok. 7 passed; 0 failed; 0 ignored; 0 measured; 0 filtered out; finished in 0.00s
3x full-harness rerun: ok / ok / ok (0.00s each, runtime <10s).
Boundary asserts executed: 3s-old lock fresh under 300s prod lease
(stuck pre-fix) AND stale under 2s test lease (recovered post-fix);
exact-boundary fresh; None/future never stale.

COMPILE + CHECK PROOFS (real output):
  cargo check --manifest-path src-tauri/Cargo.toml --tests → Finished dev
  profile, 0 errors, no new warnings (10 lib + 8 lib-test dup warnings all
  pre-existing: service-account notice, voice_pull snake_case, dead code).
  cargo test --lib --no-run → Finished test profile (resume_idempotent
  binary builds; filter compiles).
LOADER-PROXY DISCLOSE (todos 1-10 pattern): the cargo lib test harness
  cannot start on this Windows box: exit 0xc0000139
  STATUS_ENTRYPOINT_NOT_FOUND (GNU-linker .rsrc manifest merge failure —
  pre-existing; untouched `stale_processing_leases` filter fails
  identically). No MSVC linker installed (no VS/Windows Kits) so no
  rebuild path. Full `resume_idempotent` execution (run_once + sqlite)
  therefore compile-verified only; every assertion it contains executes
  where the box allows (decision core above) or is a direct DB CHECK of
  the recovery SQL.
LSP diagnostics: daemon timed out (busy, as in task-8); cargo check used
  as fallback. oxlint/typecheck/npm-test: N/A (no TS/client touched).
git status (task files only in commit): M dtr_sync.rs, sheets_sync.rs,
  sync_retry.rs + these two logs. Plan checkboxes untouched.

--- APPENDIX A (verifier fix, 2026-09-18): SQL execution proxy, REAL run ---
ENGINE DISCLOSE: python3 absent on this box (Microsoft Store stub only).
  Proxy uses node:sqlite (node v22.23.2 stdlib, zero deps, nothing
  committed — script lives at $TEMP/opencode/task11-proxy/proxy.mjs, DB
  file resume-proxy.db in the same temp dir, outside the repo).
STATEMENT-MATCH PROOF (same SQL string, copied verbatim):
  code  sheets_sync.rs:873:
    "UPDATE sync_queue SET status='RETRY', locked_at=NULL, next_attempt_at=?, updated_at=? WHERE id=? AND status='PROCESSING' AND locked_at=?"
  proxy proxy.mjs:26:
    "UPDATE sync_queue SET status='RETRY', locked_at=NULL, next_attempt_at=?, updated_at=? WHERE id=? AND status='PROCESSING' AND locked_at=?"
  (+ SELECT id/locked_at ... WHERE status='PROCESSING' ... LIMIT ? in both;
  proxy asserts code.includes() on both literals at startup — green.)
FULL CAPTURED OUTPUT (stdout+stderr, EXIT:0):
  proxy-start: 2026-09-18T15:27:05.636Z
  statement-match: SELECT + UPDATE verbatim in sheets_sync.rs and proxy
  BEFORE sync_queue: [{"id":1,"row_id":"resume-u0","status":"PENDING","attempts":0,"locked_at":null,...},{"id":2,...},{"id":3,...},{"id":4,...},{"id":5,...},{"id":6,"row_id":"resume-victim","status":"PROCESSING","attempts":0,"locked_at":"2026-09-18T15:27:02.650+00:00","next_attempt_at":"2026-09-18T15:27:05.650+00:00"}]
  BEFORE dtr_pending: [{"user_id":"u-pending","full_name":"Pending Intern","first_seen":"2026-09-18T15:27:05.650+00:00","last_checked":"...","attempts":0}]
  recovery applied to 1 PROCESSING row(s), leaseRecovered=1
  AFTER sync_queue: [ids 1-5 PENDING attempts 0 unchanged, id 6 resume-victim status RETRY attempts 0 locked_at null next_attempt_at now]
  AFTER dtr_pending: [u-pending row byte-identical to BEFORE]
  ASSERTS queue-recovery: victim RETRY + attempts preserved + 5 PENDING untouched + dtr_pending survives — PASS
  batch body: {"valueInputOption":"USER_ENTERED","data":[{"range":"'LAZARO DEIGN'!B3:E3","values":[["9:00:00 AM","12:00:00 PM","1:00:00 PM","5:30:00 PM"]]}]}
  sha256 A=4e2ea361c2df14aff1cf785d7abd6cf874cddecace3c653ca4fec5e7c63c4da1 B=4e2ea361c2df14aff1cf785d7abd6cf874cddecace3c653ca4fec5e7c63c4da1
  ASSERTS batch-replay: byte-identical USER_ENTERED single-range bodies — PASS
  proxy-end: 2026-09-18T15:27:05.672Z elapsed_ms=36
  PROXY RESULT: PASS
  (stderr held only node's SQLite ExperimentalWarning; EXIT:0)
  Wall runtime 36ms << 10s budget. Full BEFORE/AFTER row dumps (all 6
  queue rows + pending row) are in the capture above (truncated here to
  repeating PENDING rows; temp capture retained at $TEMP/opencode).
HONEST CI DISCLOSURE (unchanged): in-crate `cargo test
  resume_idempotent` execution stays blocked by the pre-existing loader
  fault (verifier reproduced 0xc0000139); the proxy above executes the
  identical statement text; CI/MSVC must run the real test.
--- HYGIENE FOOTER (commit scope proof, nothing staged/touched) ---
  git show --stat HEAD | tail:
    .omo/evidence/dtr-sync-graceful/task-11-fail.log  |  40 ++++++
    .omo/evidence/dtr-sync-graceful/task-11-happy.log |  69 ++++++++++
    src-tauri/src/services/dtr_sync.rs                | 151 ++++++++++++++++++++++
    src-tauri/src/services/sheets_sync.rs             |  31 +++--
    src-tauri/src/services/sync_retry.rs              |  40 +++++-
    5 files changed, 318 insertions(+), 13 deletions(-)
  → HEAD lists ONLY the 5 task files. git status --short shows only
  pre-existing dirt (M evidence/verification-summary.json,
  M package-lock.json, ?? AGENTS.md.bak/HANDOFF.md/LEAN-CTX.md/audit
  strays) — none staged, committed, reverted, or otherwise touched by
  this fix. No amend (product code unchanged).
