// Vitest Snapshot v1, https://vitest.dev/guide/snapshot.html

exports[`T0 freeze: cutoff payroll contract > applies half-day fraction to whole-number counts 1`] = `"{"absenceDeduction":0,"basicPay":100.01,"grossCompensation":100.01,"halfDayDeduction":50.01,"hdmf":0,"hra":0,"incentivesAllowance":0,"lateDeduction":0,"manualAdjustment":0,"netPay":50,"overtimePay":0,"phic":0,"regularHolidayPay":0,"salaryAdvance":0,"specialAllowance":0,"specialHolidayPay":0,"sss":0,"totalAllowance":0,"totalCompensation":100.01,"totalDeductions":50.01}"`;

exports[`T0 freeze: cutoff payroll contract > applies special and regular holiday multipliers 1`] = `"{"absenceDeduction":0,"basicPay":0,"grossCompensation":130,"halfDayDeduction":0,"hdmf":0,"hra":0,"incentivesAllowance":0,"lateDeduction":0,"manualAdjustment":0,"netPay":130,"overtimePay":0,"phic":0,"regularHolidayPay":100,"salaryAdvance":0,"specialAllowance":0,"specialHolidayPay":30,"sss":0,"totalAllowance":0,"totalCompensation":130,"totalDeductions":0}"`;

exports[`T0 freeze: cutoff payroll contract > floors intern gross and net at zero 1`] = `"{"absenceDeduction":0,"basicPay":0,"grossCompensation":0,"halfDayDeduction":0,"hdmf":0,"hra":0,"incentivesAllowance":0,"lateDeduction":10,"manualAdjustment":0,"netPay":0,"overtimePay":0,"phic":0,"regularHolidayPay":0,"salaryAdvance":0,"specialAllowance":0,"specialHolidayPay":0,"sss":0,"totalAllowance":0,"totalCompensation":0,"totalDeductions":10}"`;

exports[`T0 freeze: cutoff payroll contract > includes manual adjustment in gross and net 1`] = `"{"absenceDeduction":0,"basicPay":100,"grossCompensation":112.34,"halfDayDeduction":0,"hdmf":0,"hra":0,"incentivesAllowance":0,"lateDeduction":0,"manualAdjustment":12.34,"netPay":112.34,"overtimePay":0,"phic":0,"regularHolidayPay":0,"salaryAdvance":0,"specialAllowance":0,"specialHolidayPay":0,"sss":0,"totalAllowance":0,"totalCompensation":100,"totalDeductions":0}"`;

exports[`T0 freeze: cutoff payroll contract > locks BUG-PAY-02 zero-day allowance proration 1`] = `"{"absenceDeduction":880,"basicPay":880,"grossCompensation":880,"halfDayDeduction":0,"hdmf":0,"hra":200,"incentivesAllowance":1000,"lateDeduction":0,"manualAdjustment":0,"netPay":0,"overtimePay":0,"phic":0,"regularHolidayPay":0,"salaryAdvance":0,"specialAllowance":100,"specialHolidayPay":0,"sss":0,"totalAllowance":0,"totalCompensation":880,"totalDeductions":880}"`;

exports[`T0 freeze: cutoff payroll contract > rounds monetary values to cents 1`] = `"{"absenceDeduction":0,"basicPay":100.01,"grossCompensation":100.01,"halfDayDeduction":0,"hdmf":0,"hra":0,"incentivesAllowance":0,"lateDeduction":0,"manualAdjustment":0,"netPay":100.01,"overtimePay":0,"phic":0,"regularHolidayPay":0,"salaryAdvance":0,"specialAllowance":0,"specialHolidayPay":0,"sss":0,"totalAllowance":0,"totalCompensation":100.01,"totalDeductions":0}"`;

exports[`T0 freeze: cutoff payroll contract > uses the full fractional-day count as the half-day fraction 1`] = `"{"absenceDeduction":0,"basicPay":100.01,"grossCompensation":100.01,"halfDayDeduction":50.01,"hdmf":0,"hra":0,"incentivesAllowance":0,"lateDeduction":0,"manualAdjustment":0,"netPay":50,"overtimePay":0,"phic":0,"regularHolidayPay":0,"salaryAdvance":0,"specialAllowance":0,"specialHolidayPay":0,"sss":0,"totalAllowance":0,"totalCompensation":100.01,"totalDeductions":50.01}"`;
